- 19/05/2015 (Tuesday) Database disconnected: connect ECONNREFUSED at 17:58- 19/05/2015 (Tuesday) Database disconnected: connect ECONNREFUSED at 19:04- 19/05/2015 (Tuesday) Database disconnected: connect ECONNREFUSED at 19:34- 19/05/2015 (Tuesday) Database disconnected: connect ECONNREFUSED at 19:39